Component: Arm Compiler for Embedded 6.22 Tool: armlink [5ee90200]

==============================================================================

Section Cross References

    entry.o(Sorting_Algo) refers to main.o(.text.myMain) for myMain
    entry.o(Sorting_Algo) refers to entry.o(List_Area) for lst_ar
    main.o(.ARM.exidx.text.ft_cmp) refers to main.o(.text.ft_cmp) for [Anonymous Symbol]
    main.o(.text.myMain) refers to utils.o(.text.ft_lstfill) for ft_lstfill
    main.o(.text.myMain) refers to timing.o(.text.Systick_Start) for Systick_Start
    main.o(.text.myMain) refers to ft_lstsort.o(.text.ft_lstsort) for ft_lstsort
    main.o(.text.myMain) refers to timing.o(.text.Systick_Stop) for Systick_Stop
    main.o(.text.myMain) refers to timing_asm.o(Timing_Code) for Systick_Start_asm
    main.o(.text.myMain) refers to ft_lstsort_asm.o(Sorting_Code) for ft_lstsort_asm
    main.o(.text.myMain) refers to utils.o(.text.ft_lstlast) for ft_lstlast
    main.o(.text.myMain) refers to ft_lstlast_asm.o(LstLast) for ft_lstlast_asm
    main.o(.text.myMain) refers to main.o(.text.ft_cmp) for ft_cmp
    main.o(.ARM.exidx.text.myMain) refers to main.o(.text.myMain) for [Anonymous Symbol]
    utils.o(.ARM.exidx.text.ft_lstlast) refers to utils.o(.text.ft_lstlast) for [Anonymous Symbol]
    utils.o(.ARM.exidx.text.ft_lstadd_front) refers to utils.o(.text.ft_lstadd_front) for [Anonymous Symbol]
    utils.o(.ARM.exidx.text.ft_lstadd_back) refers to utils.o(.text.ft_lstadd_back) for [Anonymous Symbol]
    utils.o(.ARM.exidx.text.ft_lstsize) refers to utils.o(.text.ft_lstsize) for [Anonymous Symbol]
    utils.o(.text.ft_lstfill) refers to utils.o(.text.ft_lstadd_back) for ft_lstadd_back
    utils.o(.ARM.exidx.text.ft_lstfill) refers to utils.o(.text.ft_lstfill) for [Anonymous Symbol]
    ft_lstsort.o(.ARM.exidx.text.ft_lstsplit) refers to ft_lstsort.o(.text.ft_lstsplit) for [Anonymous Symbol]
    ft_lstsort.o(.ARM.exidx.text.ft_lstmerge) refers to ft_lstsort.o(.text.ft_lstmerge) for [Anonymous Symbol]
    ft_lstsort.o(.text.ft_lstsort) refers to ft_lstsort.o(.text.ft_lstsplit) for ft_lstsplit
    ft_lstsort.o(.text.ft_lstsort) refers to ft_lstsort.o(.text.ft_lstmerge) for ft_lstmerge
    ft_lstsort.o(.ARM.exidx.text.ft_lstsort) refers to ft_lstsort.o(.text.ft_lstsort) for [Anonymous Symbol]
    timing.o(.text.Systick_Start) refers to aeabi_sdiv.o(.text) for __aeabi_uidiv
    timing.o(.text.Systick_Start) refers to main.o(.bss.ticks) for ticks
    timing.o(.text.Systick_Start) refers to system_armcm0plus.o(.data.SystemCoreClock) for SystemCoreClock
    timing.o(.ARM.exidx.text.Systick_Start) refers to timing.o(.text.Systick_Start) for [Anonymous Symbol]
    timing.o(.text.Systick_Stop) refers to main.o(.bss.ticks) for ticks
    timing.o(.ARM.exidx.text.Systick_Stop) refers to timing.o(.text.Systick_Stop) for [Anonymous Symbol]
    timing_asm.o(Timing_Code) refers to main.o(.bss.ticks) for ticks
    startup_armcm0plus.o(.ARM.exidx.text.Default_Handler) refers to startup_armcm0plus.o(.text.Default_Handler) for [Anonymous Symbol]
    startup_armcm0plus.o(.text.Reset_Handler) refers to system_armcm0plus.o(.text.SystemInit) for SystemInit
    startup_armcm0plus.o(.text.Reset_Handler) refers to entry.o(Sorting_Algo) for __main
    startup_armcm0plus.o(.ARM.exidx.text.Reset_Handler) refers to startup_armcm0plus.o(.text.Reset_Handler) for [Anonymous Symbol]
    startup_armcm0plus.o(.ARM.exidx.text.HardFault_Handler) refers to startup_armcm0plus.o(.text.HardFault_Handler) for [Anonymous Symbol]
    startup_armcm0plus.o(RESET) refers to startup_armcm0plus.o(.text.Reset_Handler) for Reset_Handler
    startup_armcm0plus.o(RESET) refers to startup_armcm0plus.o(.text.Default_Handler) for NMI_Handler
    startup_armcm0plus.o(RESET) refers to startup_armcm0plus.o(.text.HardFault_Handler) for HardFault_Handler
    startup_armcm0plus.o(RESET) refers to timing_asm.o(Timing_Code) for SysTick_Handler
    system_armcm0plus.o(.text.SystemCoreClockUpdate) refers to system_armcm0plus.o(.data.SystemCoreClock) for SystemCoreClock
    system_armcm0plus.o(.ARM.exidx.text.SystemCoreClockUpdate) refers to system_armcm0plus.o(.text.SystemCoreClockUpdate) for [Anonymous Symbol]
    system_armcm0plus.o(.text.SystemInit) refers to system_armcm0plus.o(.data.SystemCoreClock) for SystemCoreClock
    system_armcm0plus.o(.ARM.exidx.text.SystemInit) refers to system_armcm0plus.o(.text.SystemInit) for [Anonymous Symbol]
    aeabi_idiv0_sigfpe.o(.text) refers to rt_div0.o(.text) for __rt_div0
    rt_div0.o(.text) refers to defsig_fpe_outer.o(.text) for __rt_SIGFPE
    defsig_fpe_outer.o(.text) refers to defsig_fpe_inner.o(.text) for __rt_SIGFPE_inner
    defsig_fpe_outer.o(.text) refers to defsig_exit.o(.text) for __sig_exit
    defsig_fpe_formal.o(.text) refers to rt_raise.o(.text) for __rt_raise
    rt_raise.o(.text) refers to __raise.o(.text) for __raise
    rt_raise.o(.text) refers to sys_exit.o(.text) for _sys_exit
    defsig_exit.o(.text) refers to sys_exit.o(.text) for _sys_exit
    defsig_fpe_inner.o(.text) refers to defsig_general.o(.text) for __default_signal_display
    sys_exit.o(.text) refers (Special) to use_no_semi.o(.text) for __I$use$semihosting
    sys_exit.o(.text) refers (Special) to indicate_semi.o(.text) for __semihosting_library_function
    sys_exit_hlt.o(.text) refers (Special) to use_no_semi.o(.text) for __I$use$semihosting
    sys_exit_hlt.o(.text) refers (Special) to indicate_semi.o(.text) for __semihosting_library_function
    __raise.o(.text) refers to defsig.o(CL$$defsig) for __default_signal_handler
    defsig_general.o(.text) refers to sys_wrch.o(.text) for _ttywrch
    sys_wrch.o(.text) refers (Special) to use_no_semi.o(.text) for __I$use$semihosting
    sys_wrch.o(.text) refers (Special) to indicate_semi.o(.text) for __semihosting_library_function
    sys_wrch_hlt.o(.text) refers (Special) to use_no_semi.o(.text) for __I$use$semihosting
    sys_wrch_hlt.o(.text) refers (Special) to indicate_semi.o(.text) for __semihosting_library_function
    defsig.o(CL$$defsig) refers to defsig_fpe_inner.o(.text) for __rt_SIGFPE_inner
    defsig_abrt_inner.o(.text) refers to defsig_general.o(.text) for __default_signal_display
    defsig_rtred_inner.o(.text) refers to defsig_general.o(.text) for __default_signal_display
    defsig_rtmem_inner.o(.text) refers to defsig_general.o(.text) for __default_signal_display
    defsig_stak_inner.o(.text) refers to defsig_general.o(.text) for __default_signal_display
    defsig_pvfn_inner.o(.text) refers to defsig_general.o(.text) for __default_signal_display
    defsig_cppl_inner.o(.text) refers to defsig_general.o(.text) for __default_signal_display
    defsig_segv_inner.o(.text) refers to defsig_general.o(.text) for __default_signal_display
    defsig_other.o(.text) refers to defsig_general.o(.text) for __default_signal_display


==============================================================================

Removing Unused input sections from the image.

    Removing main.o(.text), (0 bytes).
    Removing main.o(.ARM.exidx.text.ft_cmp), (8 bytes).
    Removing main.o(.ARM.exidx.text.myMain), (8 bytes).
    Removing utils.o(.text), (0 bytes).
    Removing utils.o(.ARM.exidx.text.ft_lstlast), (8 bytes).
    Removing utils.o(.text.ft_lstadd_front), (52 bytes).
    Removing utils.o(.ARM.exidx.text.ft_lstadd_front), (8 bytes).
    Removing utils.o(.ARM.exidx.text.ft_lstadd_back), (8 bytes).
    Removing utils.o(.text.ft_lstsize), (38 bytes).
    Removing utils.o(.ARM.exidx.text.ft_lstsize), (8 bytes).
    Removing utils.o(.ARM.exidx.text.ft_lstfill), (8 bytes).
    Removing ft_lstsort.o(.text), (0 bytes).
    Removing ft_lstsort.o(.ARM.exidx.text.ft_lstsplit), (8 bytes).
    Removing ft_lstsort.o(.ARM.exidx.text.ft_lstmerge), (8 bytes).
    Removing ft_lstsort.o(.ARM.exidx.text.ft_lstsort), (8 bytes).
    Removing timing.o(.text), (0 bytes).
    Removing timing.o(.ARM.exidx.text.Systick_Start), (8 bytes).
    Removing timing.o(.ARM.exidx.text.Systick_Stop), (8 bytes).
    Removing startup_armcm0plus.o(.text), (0 bytes).
    Removing startup_armcm0plus.o(.ARM.exidx.text.Default_Handler), (8 bytes).
    Removing startup_armcm0plus.o(.ARM.exidx.text.Reset_Handler), (8 bytes).
    Removing startup_armcm0plus.o(.ARM.exidx.text.HardFault_Handler), (8 bytes).
    Removing system_armcm0plus.o(.text), (0 bytes).
    Removing system_armcm0plus.o(.text.SystemCoreClockUpdate), (16 bytes).
    Removing system_armcm0plus.o(.ARM.exidx.text.SystemCoreClockUpdate), (8 bytes).
    Removing system_armcm0plus.o(.ARM.exidx.text.SystemInit), (8 bytes).

26 unused section(s) (total 242 bytes) removed from the image.

==============================================================================

Image Symbol Table

    Local Symbols

    Symbol Name                              Value     Ov Type        Size  Object(Section)

    ../clib/angel/rt.s                       0x00000000   Number         0  aeabi_idiv0.o ABSOLUTE
    ../clib/angel/rt.s                       0x00000000   Number         0  aeabi_idiv0_sigfpe.o ABSOLUTE
    ../clib/angel/rt.s                       0x00000000   Number         0  rt_div0.o ABSOLUTE
    ../clib/angel/rt.s                       0x00000000   Number         0  rt_raise.o ABSOLUTE
    ../clib/angel/sys.s                      0x00000000   Number         0  use_no_semi.o ABSOLUTE
    ../clib/angel/sys.s                      0x00000000   Number         0  indicate_semi.o ABSOLUTE
    ../clib/angel/sysapp.c                   0x00000000   Number         0  sys_exit.o ABSOLUTE
    ../clib/angel/sysapp.c                   0x00000000   Number         0  sys_exit_hlt.o ABSOLUTE
    ../clib/angel/sysapp.c                   0x00000000   Number         0  sys_wrch.o ABSOLUTE
    ../clib/angel/sysapp.c                   0x00000000   Number         0  sys_wrch_hlt.o ABSOLUTE
    ../clib/division.s                       0x00000000   Number         0  aeabi_sdiv.o ABSOLUTE
    ../clib/division.s                       0x00000000   Number         0  aeabi_sdiv_div0.o ABSOLUTE
    ../clib/signal.c                         0x00000000   Number         0  defsig_fpe_outer.o ABSOLUTE
    ../clib/signal.c                         0x00000000   Number         0  defsig_fpe_formal.o ABSOLUTE
    ../clib/signal.c                         0x00000000   Number         0  defsig_exit.o ABSOLUTE
    ../clib/signal.c                         0x00000000   Number         0  defsig_fpe_inner.o ABSOLUTE
    ../clib/signal.c                         0x00000000   Number         0  __raise.o ABSOLUTE
    ../clib/signal.c                         0x00000000   Number         0  defsig_general.o ABSOLUTE
    ../clib/signal.c                         0x00000000   Number         0  defsig_abrt_inner.o ABSOLUTE
    ../clib/signal.c                         0x00000000   Number         0  defsig_rtred_inner.o ABSOLUTE
    ../clib/signal.c                         0x00000000   Number         0  defsig_rtmem_inner.o ABSOLUTE
    ../clib/signal.c                         0x00000000   Number         0  defsig_stak_inner.o ABSOLUTE
    ../clib/signal.c                         0x00000000   Number         0  defsig_pvfn_inner.o ABSOLUTE
    ../clib/signal.c                         0x00000000   Number         0  defsig_cppl_inner.o ABSOLUTE
    ../clib/signal.c                         0x00000000   Number         0  defsig_segv_inner.o ABSOLUTE
    ../clib/signal.c                         0x00000000   Number         0  defsig_other.o ABSOLUTE
    ../clib/signal.s                         0x00000000   Number         0  defsig.o ABSOLUTE
    __tagsym$$used.0                         0x00000000   Number         0  startup_armcm0plus.o(RESET)
    dc.s                                     0x00000000   Number         0  dc.o ABSOLUTE
    entry.s                                  0x00000000   Number         0  entry.o ABSOLUTE
    ft_lstlast_asm.s                         0x00000000   Number         0  ft_lstlast_asm.o ABSOLUTE
    ft_lstsort.c                             0x00000000   Number         0  ft_lstsort.o ABSOLUTE
    ft_lstsort_asm.s                         0x00000000   Number         0  ft_lstsort_asm.o ABSOLUTE
    main.c                                   0x00000000   Number         0  main.o ABSOLUTE
    startup_ARMCM0plus.c                     0x00000000   Number         0  startup_armcm0plus.o ABSOLUTE
    system_ARMCM0plus.c                      0x00000000   Number         0  system_armcm0plus.o ABSOLUTE
    timing.c                                 0x00000000   Number         0  timing.o ABSOLUTE
    timing_asm.s                             0x00000000   Number         0  timing_asm.o ABSOLUTE
    utils.c                                  0x00000000   Number         0  utils.o ABSOLUTE
    .text                                    0x000000c0   Section      364  aeabi_sdiv.o(.text)
    [Anonymous Symbol]                       0x0000022c   Section        0  startup_armcm0plus.o(.text.Default_Handler)
    [Anonymous Symbol]                       0x00000230   Section        0  startup_armcm0plus.o(.text.HardFault_Handler)
    [Anonymous Symbol]                       0x00000234   Section        0  startup_armcm0plus.o(.text.Reset_Handler)
    [Anonymous Symbol]                       0x0000023c   Section        0  system_armcm0plus.o(.text.SystemInit)
    __arm_cp.1_1                             0x00000244   Number         4  system_armcm0plus.o(.text.SystemInit)
    [Anonymous Symbol]                       0x00000248   Section        0  timing.o(.text.Systick_Start)
    __arm_cp.0_1                             0x00000278   Number         4  timing.o(.text.Systick_Start)
    __arm_cp.0_2                             0x0000027c   Number         4  timing.o(.text.Systick_Start)
    __arm_cp.0_3                             0x00000280   Number         4  timing.o(.text.Systick_Start)
    __arm_cp.0_4                             0x00000284   Number         4  timing.o(.text.Systick_Start)
    [Anonymous Symbol]                       0x00000288   Section        0  timing.o(.text.Systick_Stop)
    __arm_cp.1_0                             0x000002a0   Number         4  timing.o(.text.Systick_Stop)
    __arm_cp.1_1                             0x000002a4   Number         4  timing.o(.text.Systick_Stop)
    [Anonymous Symbol]                       0x000002a8   Section        0  main.o(.text.ft_cmp)
    [Anonymous Symbol]                       0x000002c8   Section        0  utils.o(.text.ft_lstadd_back)
    [Anonymous Symbol]                       0x00000306   Section        0  utils.o(.text.ft_lstfill)
    [Anonymous Symbol]                       0x00000362   Section        0  utils.o(.text.ft_lstlast)
    [Anonymous Symbol]                       0x00000394   Section        0  ft_lstsort.o(.text.ft_lstmerge)
    [Anonymous Symbol]                       0x00000408   Section        0  ft_lstsort.o(.text.ft_lstsort)
    [Anonymous Symbol]                       0x0000045c   Section        0  ft_lstsort.o(.text.ft_lstsplit)
    [Anonymous Symbol]                       0x000004d0   Section        0  main.o(.text.myMain)
    __arm_cp.1_0                             0x0000055c   Number         4  main.o(.text.myMain)
    LstLast                                  0x00000560   Section       24  ft_lstlast_asm.o(LstLast)
    Sorting_Algo                             0x00000578   Section      448  entry.o(Sorting_Algo)
    x_array                                  0x00000590   Data         404  entry.o(Sorting_Algo)
    x_end                                    0x00000724   Data           0  entry.o(Sorting_Algo)
    Sorting_Code                             0x00000738   Section       56  ft_lstsort_asm.o(Sorting_Code)
    Timing_Code                              0x00000770   Section       68  timing_asm.o(Timing_Code)
    lst_ar                                   0x20000004   Data         800  entry.o(List_Area)
    List_Area                                0x20000004   Section      800  entry.o(List_Area)

    Global Symbols

    Symbol Name                              Value     Ov Type        Size  Object(Section)

    BuildAttributes$$THM_ISAv3M$S$PE$A:L22$X:L11$S22$IEEE1$IW$~IW$USESV6$~STKCKD$USESV7$~SHL$OSPACE$ROPI$EBA8$STANDARDLIB$REQ8$EABIv2 0x00000000   Number         0  anon$$obj.o ABSOLUTE
    __Vectors                                0x00000000   Data         192  startup_armcm0plus.o(RESET)
    __sigvec_lookup                           - Undefined Weak Reference
    __aeabi_uidiv                            0x000000c1   Thumb Code     0  aeabi_sdiv.o(.text)
    __aeabi_uidivmod                         0x000000c1   Thumb Code    20  aeabi_sdiv.o(.text)
    __aeabi_idiv                             0x000000d5   Thumb Code     0  aeabi_sdiv.o(.text)
    __aeabi_idivmod                          0x000000d5   Thumb Code   338  aeabi_sdiv.o(.text)
    Default_Handler                          0x0000022d   Thumb Code     4  startup_armcm0plus.o(.text.Default_Handler)
    Interrupt0_Handler                       0x0000022d   Thumb Code     4  startup_armcm0plus.o(.text.Default_Handler)
    Interrupt1_Handler                       0x0000022d   Thumb Code     4  startup_armcm0plus.o(.text.Default_Handler)
    Interrupt2_Handler                       0x0000022d   Thumb Code     4  startup_armcm0plus.o(.text.Default_Handler)
    Interrupt3_Handler                       0x0000022d   Thumb Code     4  startup_armcm0plus.o(.text.Default_Handler)
    Interrupt4_Handler                       0x0000022d   Thumb Code     4  startup_armcm0plus.o(.text.Default_Handler)
    Interrupt5_Handler                       0x0000022d   Thumb Code     4  startup_armcm0plus.o(.text.Default_Handler)
    Interrupt6_Handler                       0x0000022d   Thumb Code     4  startup_armcm0plus.o(.text.Default_Handler)
    Interrupt7_Handler                       0x0000022d   Thumb Code     4  startup_armcm0plus.o(.text.Default_Handler)
    Interrupt8_Handler                       0x0000022d   Thumb Code     4  startup_armcm0plus.o(.text.Default_Handler)
    Interrupt9_Handler                       0x0000022d   Thumb Code     4  startup_armcm0plus.o(.text.Default_Handler)
    NMI_Handler                              0x0000022d   Thumb Code     4  startup_armcm0plus.o(.text.Default_Handler)
    PendSV_Handler                           0x0000022d   Thumb Code     4  startup_armcm0plus.o(.text.Default_Handler)
    SVC_Handler                              0x0000022d   Thumb Code     4  startup_armcm0plus.o(.text.Default_Handler)
    HardFault_Handler                        0x00000231   Thumb Code     4  startup_armcm0plus.o(.text.HardFault_Handler)
    Reset_Handler                            0x00000235   Thumb Code     8  startup_armcm0plus.o(.text.Reset_Handler)
    SystemInit                               0x0000023d   Thumb Code     8  system_armcm0plus.o(.text.SystemInit)
    Systick_Start                            0x00000249   Thumb Code    48  timing.o(.text.Systick_Start)
    Systick_Stop                             0x00000289   Thumb Code    24  timing.o(.text.Systick_Stop)
    ft_cmp                                   0x000002a9   Thumb Code    32  main.o(.text.ft_cmp)
    ft_lstadd_back                           0x000002c9   Thumb Code    62  utils.o(.text.ft_lstadd_back)
    ft_lstfill                               0x00000307   Thumb Code    92  utils.o(.text.ft_lstfill)
    ft_lstlast                               0x00000363   Thumb Code    50  utils.o(.text.ft_lstlast)
    ft_lstmerge                              0x00000395   Thumb Code   116  ft_lstsort.o(.text.ft_lstmerge)
    ft_lstsort                               0x00000409   Thumb Code    84  ft_lstsort.o(.text.ft_lstsort)
    ft_lstsplit                              0x0000045d   Thumb Code   116  ft_lstsort.o(.text.ft_lstsplit)
    myMain                                   0x000004d1   Thumb Code   140  main.o(.text.myMain)
    ft_lstlast_asm                           0x00000561   Thumb Code    24  ft_lstlast_asm.o(LstLast)
    __main                                   0x00000579   Thumb Code    24  entry.o(Sorting_Algo)
    ft_lstsort_asm                           0x00000739   Thumb Code    56  ft_lstsort_asm.o(Sorting_Code)
    SysTick_Handler                          0x00000771   Thumb Code    12  timing_asm.o(Timing_Code)
    Systick_Start_asm                        0x0000077d   Thumb Code    26  timing_asm.o(Timing_Code)
    Systick_Stop_asm                         0x00000797   Thumb Code    14  timing_asm.o(Timing_Code)
    SystemCoreClock                          0x20000000   Data           4  system_armcm0plus.o(.data.SystemCoreClock)
    ticks                                    0x20000324   Data           4  main.o(.bss.ticks)
    Image$$ARM_LIB_STACK$$ZI$$Limit          0x20040000   Number         0  anon$$obj.o ABSOLUTE



==============================================================================

Memory Map of the image

  Image Entry point : 0x00000579

  Load Region LR_ROM (Base: 0x00000000, Size: 0x00000ad8, Max: 0x00080000, ABSOLUTE)

    Execution Region ER_ROM (Exec base: 0x00000000, Load base: 0x00000000, Size: 0x000007b4, Max: 0x00080000, ABSOLUTE)

    Exec Addr    Load Addr    Size         Type   Attr      Idx    E Section Name        Object

    0x00000000   0x00000000   0x000000c0   Data   RO           82    RESET               startup_armcm0plus.o
    0x000000c0   0x000000c0   0x0000016c   Code   RO          103    .text               c_p.l(aeabi_sdiv.o)
    0x0000022c   0x0000022c   0x00000004   Code   RO           76    .text.Default_Handler  startup_armcm0plus.o
    0x00000230   0x00000230   0x00000004   Code   RO           80    .text.HardFault_Handler  startup_armcm0plus.o
    0x00000234   0x00000234   0x00000008   Code   RO           78    .text.Reset_Handler  startup_armcm0plus.o
    0x0000023c   0x0000023c   0x0000000c   Code   RO           92    .text.SystemInit    system_armcm0plus.o
    0x00000248   0x00000248   0x00000040   Code   RO           53    .text.Systick_Start  timing.o
    0x00000288   0x00000288   0x00000020   Code   RO           55    .text.Systick_Stop  timing.o
    0x000002a8   0x000002a8   0x00000020   Code   RO           11    .text.ft_cmp        main.o
    0x000002c8   0x000002c8   0x0000003e   Code   RO           27    .text.ft_lstadd_back  utils.o
    0x00000306   0x00000306   0x0000005c   Code   RO           31    .text.ft_lstfill    utils.o
    0x00000362   0x00000362   0x00000032   Code   RO           23    .text.ft_lstlast    utils.o
    0x00000394   0x00000394   0x00000074   Code   RO           42    .text.ft_lstmerge   ft_lstsort.o
    0x00000408   0x00000408   0x00000054   Code   RO           44    .text.ft_lstsort    ft_lstsort.o
    0x0000045c   0x0000045c   0x00000074   Code   RO           40    .text.ft_lstsplit   ft_lstsort.o
    0x000004d0   0x000004d0   0x00000090   Code   RO           13    .text.myMain        main.o
    0x00000560   0x00000560   0x00000018   Code   RO           71    LstLast             ft_lstlast_asm.o
    0x00000578   0x00000578   0x000001c0   Code   RO            4  * Sorting_Algo        entry.o
    0x00000738   0x00000738   0x00000038   Code   RO           67    Sorting_Code        ft_lstsort_asm.o
    0x00000770   0x00000770   0x00000044   Code   RO           63    Timing_Code         timing_asm.o


    Execution Region RW_NOINIT (Exec base: 0x20000000, Load base: 0x000007b4, Size: 0x00000000, Max: 0x0003e400, ABSOLUTE, UNINIT)

    **** No section assigned to this execution region ****


    Execution Region RW_RAM (Exec base: 0x20000000, Load base: 0x000007b4, Size: 0x00000328, Max: 0x0003e400, ABSOLUTE)

    Exec Addr    Load Addr    Size         Type   Attr      Idx    E Section Name        Object

    0x20000000   0x000007b4   0x00000004   Data   RW           94    .data.SystemCoreClock  system_armcm0plus.o
    0x20000004   0x000007b8   0x00000320   Data   RW            3    List_Area           entry.o
    0x20000324        -       0x00000004   Zero   RW           15    .bss.ticks          main.o


    Execution Region ARM_LIB_HEAP (Exec base: 0x20000328, Load base: 0x00000ad8, Size: 0x00000c00, Max: 0x00000c00, ABSOLUTE)

    Exec Addr    Load Addr    Size         Type   Attr      Idx    E Section Name        Object

    0x20000328        -       0x00000c00   Zero   RW            1    ARM_LIB_HEAP.bss    anon$$obj.o


    Execution Region ARM_LIB_STACK (Exec base: 0x2003f000, Load base: 0x00000ad8, Size: 0x00001000, Max: 0x00001000, ABSOLUTE)

    Exec Addr    Load Addr    Size         Type   Attr      Idx    E Section Name        Object

    0x2003f000        -       0x00001000   Zero   RW            2    ARM_LIB_STACK.bss   anon$$obj.o


==============================================================================

Image component sizes


      Code (inc. data)   RO Data    RW Data    ZI Data      Debug   Object Name

       448        426          0        800          0        324   entry.o
        24          0          0          0          0        324   ft_lstlast_asm.o
       316          0          0          0          0       1397   ft_lstsort.o
        56          0          0          0          0        340   ft_lstsort_asm.o
       176          4          0          0          4       1145   main.o
        16          0        192          0          0        885   startup_armcm0plus.o
        12          4          0          4          0        689   system_armcm0plus.o
        96         24          0          0          0        957   timing.o
        68         16          0          0          0        416   timing_asm.o
       204          0          0          0          0       1433   utils.o

    ----------------------------------------------------------------------
      1416        474        192        804       7172       7910   Object Totals
         0          0          0          0       7168          0   (incl. Generated)
         0          0          0          0          0          0   (incl. Padding)

    ----------------------------------------------------------------------

      Code (inc. data)   RO Data    RW Data    ZI Data      Debug   Library Member Name

       364          4          0          0          0         92   aeabi_sdiv.o

    ----------------------------------------------------------------------
       364          4          0          0          0         92   Library Totals
         0          0          0          0          0          0   (incl. Padding)

    ----------------------------------------------------------------------

      Code (inc. data)   RO Data    RW Data    ZI Data      Debug   Library Name

       364          4          0          0          0         92   c_p.l

    ----------------------------------------------------------------------
       364          4          0          0          0         92   Library Totals

    ----------------------------------------------------------------------

==============================================================================


      Code (inc. data)   RO Data    RW Data    ZI Data      Debug   

      1780        478        192        804       7172       7694   Grand Totals
      1780        478        192        804       7172       7694   ELF Image Totals
      1780        478        192        804          0          0   ROM Totals

==============================================================================

    Total RO  Size (Code + RO Data)                 1972 (   1.93kB)
    Total RW  Size (RW Data + ZI Data)              7976 (   7.79kB)
    Total ROM Size (Code + RO Data + RW Data)       2776 (   2.71kB)

==============================================================================

